EN adder NULL C:/Users/hp/Documents/eda/FPM/Adder.vhd sub00/vhpl30 1426696052
AR mux behavioral C:/Users/hp/Documents/eda/FPM/MUX.vhd sub00/vhpl01 1426693863
AR counter behavioral C:/Users/hp/Documents/eda/FPM/counter.vhd sub00/vhpl07 1426696043
EN norm NULL C:/Users/hp/Documents/eda/FPM/Normalizer.vhd sub00/vhpl26 1426696054
AR topcontrol behavioral C:/Users/hp/Documents/eda/FPM/TOPCONTROL.vhd sub00/vhpl33 1426699588
EN ebsaddmul NULL C:/Users/hp/Documents/eda/FPM/Controller.vhd sub00/vhpl24 1426696050
AR norm behavioral C:/Users/hp/Documents/eda/FPM/Normalizer.vhd sub00/vhpl27 1426696055
EN overflow NULL C:/Users/hp/Documents/eda/FPM/Overflow.vhd sub00/vhpl36 1427328546
AR datapath structural C:/Users/hp/Documents/eda/FPM/Datapath.vhd sub00/vhpl21 1426696049
EN datapath NULL C:/Users/hp/Documents/eda/FPM/Datapath.vhd sub00/vhpl20 1426696048
EN muxexp NULL C:/Users/hp/Documents/eda/FPM/muxexp.vhd sub00/vhpl02 1426529747
AR muxexp behavioral C:/Users/hp/Documents/eda/FPM/muxexp.vhd sub00/vhpl03 1426529748
AR topdatapath behavioral C:/Users/hp/Documents/eda/FPM/TOPDATAPATH.vhd sub00/vhpl29 1426696059
EN multiplicand NULL C:/Users/hp/Documents/eda/FPM/multiplicand.vhd sub00/vhpl08 1426696040
EN multiplier NULL C:/Users/hp/Documents/eda/FPM/Multiplier.vhd sub00/vhpl12 1426696038
EN add23 NULL C:/Users/hp/Documents/eda/FPM/add8.vhd sub00/vhpl16 1426532941
EN topcontrol NULL C:/Users/hp/Documents/eda/FPM/TOPCONTROL.vhd sub00/vhpl32 1426699587
AR add23 behavioral C:/Users/hp/Documents/eda/FPM/add8.vhd sub00/vhpl17 1426532942
EN top NULL C:/Users/hp/Documents/eda/FPM/TOP.vhd sub00/vhpl34 1426696060
AR ebsaddmul behavioral C:/Users/hp/Documents/eda/FPM/Controller.vhd sub00/vhpl25 1426696051
EN counter NULL C:/Users/hp/Documents/eda/FPM/counter.vhd sub00/vhpl06 1426696042
AR multiplier behavioral C:/Users/hp/Documents/eda/FPM/Multiplier.vhd sub00/vhpl13 1426696039
AR product behavioral C:/Users/hp/Documents/eda/FPM/product.vhd sub00/vhpl11 1426696037
EN controllerbeh NULL C:/Users/hp/Documents/eda/FPM/controllerbeh.vhd sub00/vhpl22 1426696046
EN add8 NULL C:/Users/hp/Documents/eda/FPM/add8.vhd sub00/vhpl18 1426696044
EN muxman NULL C:/Users/hp/Documents/eda/FPM/MUXman.vhd sub00/vhpl04 1426529756
EN product NULL C:/Users/hp/Documents/eda/FPM/product.vhd sub00/vhpl10 1426696036
EN mux NULL C:/Users/hp/Documents/eda/FPM/MUX.vhd sub00/vhpl00 1426693862
AR adder behavioral C:/Users/hp/Documents/eda/FPM/Adder.vhd sub00/vhpl31 1426696053
AR fulladder2 behavioral C:/Users/hp/Documents/eda/FPM/fulladder.vhd sub00/vhpl15 1426696035
AR add8 behavioral C:/Users/hp/Documents/eda/FPM/add8.vhd sub00/vhpl19 1426696045
AR controllerbeh behavioral C:/Users/hp/Documents/eda/FPM/controllerbeh.vhd sub00/vhpl23 1426696047
EN topdatapath NULL C:/Users/hp/Documents/eda/FPM/TOPDATAPATH.vhd sub00/vhpl28 1426696058
EN fulladder2 NULL C:/Users/hp/Documents/eda/FPM/fulladder.vhd sub00/vhpl14 1426696034
AR top behavioral C:/Users/hp/Documents/eda/FPM/TOP.vhd sub00/vhpl35 1426696061
AR multiplicand behavioral C:/Users/hp/Documents/eda/FPM/multiplicand.vhd sub00/vhpl09 1426696041
AR muxman behavioral C:/Users/hp/Documents/eda/FPM/MUXman.vhd sub00/vhpl05 1426529757
