EN adder NULL C:/Users/hp/Documents/eda/chip_fpmsp/adder.vhd sub00/vhpl11 1428043766
AR chip_vio chip_vio_a C:/Users/hp/Documents/eda/chip_fpmsp/ipcore_dir/chip_vio.vhd sub00/vhpl04 1428043777
AR mult behavioral C:/Users/hp/Documents/eda/chip_fpmsp/mult.vhd sub00/vhpl10 1428043765
EN chip_vio NULL C:/Users/hp/Documents/eda/chip_fpmsp/ipcore_dir/chip_vio.vhd sub00/vhpl03 1428043776
EN norm NULL C:/Users/hp/Documents/eda/chip_fpmsp/norm.vhd sub00/vhpl13 1428043768
AR topcontrol behavioral C:/Users/hp/Documents/eda/chip_fpmsp/topcontrol.vhd sub00/vhpl16 1428043771
EN mult NULL C:/Users/hp/Documents/eda/chip_fpmsp/mult.vhd sub00/vhpl09 1428043764
AR norm behavioral C:/Users/hp/Documents/eda/chip_fpmsp/norm.vhd sub00/vhpl14 1428043769
EN top_mod NULL C:/Users/hp/Documents/eda/chip_fpmsp/top_mod.vhd sub00/vhpl00 1428043782
AR top_mod behavioral C:/Users/hp/Documents/eda/chip_fpmsp/top_mod.vhd sub00/vhpl21 1428043783
AR topdatapath behavioral C:/Users/hp/Documents/eda/chip_fpmsp/todatapath.vhd sub00/vhpl18 1428043773
EN topcontrol NULL C:/Users/hp/Documents/eda/chip_fpmsp/topcontrol.vhd sub00/vhpl15 1428043770
EN top NULL C:/Users/hp/Documents/eda/chip_fpmsp/fpmsp.vhd sub00/vhpl19 1428043780
EN icon_fpmsp NULL C:/Users/hp/Documents/eda/chip_fpmsp/ipcore_dir/icon_fpmsp.vhd sub00/vhpl01 1428043774
AR ila_chip ila_chip_a C:/Users/hp/Documents/eda/chip_fpmsp/ipcore_dir/ila_chip.vhd sub00/vhpl06 1428043779
AR adder behavioral C:/Users/hp/Documents/eda/chip_fpmsp/adder.vhd sub00/vhpl12 1428043767
AR fulladder2 behavioral C:/Users/hp/Documents/eda/chip_fpmsp/FA.vhd sub00/vhpl08 1428043763
AR icon_fpmsp icon_fpmsp_a C:/Users/hp/Documents/eda/chip_fpmsp/ipcore_dir/icon_fpmsp.vhd sub00/vhpl02 1428043775
EN topdatapath NULL C:/Users/hp/Documents/eda/chip_fpmsp/todatapath.vhd sub00/vhpl17 1428043772
EN ila_chip NULL C:/Users/hp/Documents/eda/chip_fpmsp/ipcore_dir/ila_chip.vhd sub00/vhpl05 1428043778
EN fulladder2 NULL C:/Users/hp/Documents/eda/chip_fpmsp/FA.vhd sub00/vhpl07 1428043762
AR top behavioral C:/Users/hp/Documents/eda/chip_fpmsp/fpmsp.vhd sub00/vhpl20 1428043781
