V3 43
FL C:/Users/hp/Documents/eda/chip_fpmsp/adder.vhd 2015/04/03.11:12:37 P.20131013
EN work/adder 1428043766 FL C:/Users/hp/Documents/eda/chip_fpmsp/adder.vhd \
      PB ieee/std_logic_1164 1381692176 PB ieee/std_logic_arith 1381692177 \
      PB ieee/STD_LOGIC_UNSIGNED 1381692179
AR work/adder/Behavioral 1428043767 \
      FL C:/Users/hp/Documents/eda/chip_fpmsp/adder.vhd EN work/adder 1428043766 \
      CP fulladder2
FL C:/Users/hp/Documents/eda/chip_fpmsp/FA.vhd 2015/04/03.11:13:35 P.20131013
EN work/fulladder2 1428043762 FL C:/Users/hp/Documents/eda/chip_fpmsp/FA.vhd \
      PB ieee/std_logic_1164 1381692176 PB ieee/std_logic_arith 1381692177 \
      PB ieee/STD_LOGIC_UNSIGNED 1381692179
AR work/fulladder2/Behavioral 1428043763 \
      FL C:/Users/hp/Documents/eda/chip_fpmsp/FA.vhd EN work/fulladder2 1428043762
FL C:/Users/hp/Documents/eda/chip_fpmsp/fpmsp.vhd 2015/04/03.11:42:18 P.20131013
EN work/TOP 1428043780 FL C:/Users/hp/Documents/eda/chip_fpmsp/fpmsp.vhd \
      PB ieee/std_logic_1164 1381692176 PB ieee/std_logic_arith 1381692177 \
      PB ieee/STD_LOGIC_UNSIGNED 1381692179
AR work/TOP/Behavioral 1428043781 \
      FL C:/Users/hp/Documents/eda/chip_fpmsp/fpmsp.vhd EN work/TOP 1428043780 \
      CP TOPCONTROL CP TOPDATAPATH
FL C:/Users/hp/Documents/eda/chip_fpmsp/ipcore_dir/chip_vio.vhd 2015/04/03.12:18:02 P.20131013
EN work/chip_vio 1428043776 \
      FL C:/Users/hp/Documents/eda/chip_fpmsp/ipcore_dir/chip_vio.vhd \
      PB ieee/std_logic_1164 1381692176
AR work/chip_vio/chip_vio_a 1428043777 \
      FL C:/Users/hp/Documents/eda/chip_fpmsp/ipcore_dir/chip_vio.vhd \
      EN work/chip_vio 1428043776
FL C:/Users/hp/Documents/eda/chip_fpmsp/ipcore_dir/icon_fpmsp.vhd 2015/04/03.11:18:32 P.20131013
EN work/icon_fpmsp 1428043774 \
      FL C:/Users/hp/Documents/eda/chip_fpmsp/ipcore_dir/icon_fpmsp.vhd \
      PB ieee/std_logic_1164 1381692176
AR work/icon_fpmsp/icon_fpmsp_a 1428043775 \
      FL C:/Users/hp/Documents/eda/chip_fpmsp/ipcore_dir/icon_fpmsp.vhd \
      EN work/icon_fpmsp 1428043774
FL C:/Users/hp/Documents/eda/chip_fpmsp/ipcore_dir/ila_chip.vhd 2015/04/03.11:38:24 P.20131013
EN work/ila_chip 1428043778 \
      FL C:/Users/hp/Documents/eda/chip_fpmsp/ipcore_dir/ila_chip.vhd \
      PB ieee/std_logic_1164 1381692176
AR work/ila_chip/ila_chip_a 1428043779 \
      FL C:/Users/hp/Documents/eda/chip_fpmsp/ipcore_dir/ila_chip.vhd \
      EN work/ila_chip 1428043778
FL C:/Users/hp/Documents/eda/chip_fpmsp/mult.vhd 2015/04/03.11:12:07 P.20131013
EN work/mult 1428043764 FL C:/Users/hp/Documents/eda/chip_fpmsp/mult.vhd \
      PB ieee/std_logic_1164 1381692176 PB ieee/std_logic_arith 1381692177 \
      PB ieee/STD_LOGIC_UNSIGNED 1381692179
AR work/mult/Behavioral 1428043765 \
      FL C:/Users/hp/Documents/eda/chip_fpmsp/mult.vhd EN work/mult 1428043764
FL C:/Users/hp/Documents/eda/chip_fpmsp/norm.vhd 2015/04/03.11:12:57 P.20131013
EN work/Norm 1428043768 FL C:/Users/hp/Documents/eda/chip_fpmsp/norm.vhd \
      PB ieee/std_logic_1164 1381692176 PB ieee/std_logic_arith 1381692177 \
      PB ieee/STD_LOGIC_UNSIGNED 1381692179
AR work/Norm/Behavioral 1428043769 \
      FL C:/Users/hp/Documents/eda/chip_fpmsp/norm.vhd EN work/Norm 1428043768
FL C:/Users/hp/Documents/eda/chip_fpmsp/todatapath.vhd 2015/04/03.11:10:58 P.20131013
EN work/TOPDATAPATH 1428043772 \
      FL C:/Users/hp/Documents/eda/chip_fpmsp/todatapath.vhd \
      PB ieee/std_logic_1164 1381692176 PB ieee/std_logic_arith 1381692177 \
      PB ieee/STD_LOGIC_UNSIGNED 1381692179
AR work/TOPDATAPATH/Behavioral 1428043773 \
      FL C:/Users/hp/Documents/eda/chip_fpmsp/todatapath.vhd EN work/TOPDATAPATH 1428043772 \
      CP mult CP adder CP Norm
FL C:/Users/hp/Documents/eda/chip_fpmsp/topcontrol.vhd 2015/04/03.11:10:33 P.20131013
EN work/TOPCONTROL 1428043770 \
      FL C:/Users/hp/Documents/eda/chip_fpmsp/topcontrol.vhd \
      PB ieee/std_logic_1164 1381692176 PB ieee/std_logic_arith 1381692177 \
      PB ieee/STD_LOGIC_UNSIGNED 1381692179
AR work/TOPCONTROL/Behavioral 1428043771 \
      FL C:/Users/hp/Documents/eda/chip_fpmsp/topcontrol.vhd EN work/TOPCONTROL 1428043770
FL C:/Users/hp/Documents/eda/chip_fpmsp/top_mod.vhd 2015/04/03.12:19:14 P.20131013
EN work/top_mod 1428043782 FL C:/Users/hp/Documents/eda/chip_fpmsp/top_mod.vhd \
      PB ieee/std_logic_1164 1381692176
AR work/top_mod/Behavioral 1428043783 \
      FL C:/Users/hp/Documents/eda/chip_fpmsp/top_mod.vhd EN work/top_mod 1428043782 \
      CP icon_fpmsp CP chip_vio CP ila_chip CP TOP
