V3 3
FL C:/Users/hp/Documents/eda/fpasp1/fpasp1.vhd 2015/03/26.05:19:31 P.20131013
EN work/Final 1427327388 FL C:/Users/hp/Documents/eda/fpasp1/fpasp1.vhd \
      PB ieee/std_logic_1164 1381692176 PB ieee/std_logic_arith 1381692177 \
      PB ieee/STD_LOGIC_UNSIGNED 1381692179
AR work/Final/Behavioral 1427327389 \
      FL C:/Users/hp/Documents/eda/fpasp1/fpasp1.vhd EN work/Final 1427327388
