EN adder NULL C:/Users/hp/Documents/eda/FPMsp_imp/adder.vhd sub00/vhpl04 1427799993
AR mult behavioral C:/Users/hp/Documents/eda/FPMsp_imp/mult.vhd sub00/vhpl01 1427799992
EN norm NULL C:/Users/hp/Documents/eda/FPMsp_imp/norm.vhd sub00/vhpl06 1427799995
AR topcontrol behavioral C:/Users/hp/Documents/eda/FPMsp_imp/cntl.vhd sub00/vhpl09 1427799998
EN mult NULL C:/Users/hp/Documents/eda/FPMsp_imp/mult.vhd sub00/vhpl00 1427799991
AR norm behavioral C:/Users/hp/Documents/eda/FPMsp_imp/norm.vhd sub00/vhpl07 1427799996
AR topdatapath behavioral C:/Users/hp/Documents/eda/FPMsp_imp/data.vhd sub00/vhpl11 1427800000
EN topcontrol NULL C:/Users/hp/Documents/eda/FPMsp_imp/cntl.vhd sub00/vhpl08 1427799997
EN top NULL C:/Users/hp/Documents/eda/FPMsp_imp/TOP.vhd sub00/vhpl12 1427800001
AR adder behavioral C:/Users/hp/Documents/eda/FPMsp_imp/adder.vhd sub00/vhpl05 1427799994
AR fulladder2 behavioral C:/Users/hp/Documents/eda/FPMsp_imp/FA.vhd sub00/vhpl03 1427799990
EN topdatapath NULL C:/Users/hp/Documents/eda/FPMsp_imp/data.vhd sub00/vhpl10 1427799999
EN fulladder2 NULL C:/Users/hp/Documents/eda/FPMsp_imp/FA.vhd sub00/vhpl02 1427799989
AR top behavioral C:/Users/hp/Documents/eda/FPMsp_imp/TOP.vhd sub00/vhpl13 1427800002
