EN sec NULL C:/Users/hp/Documents/eda/FPA/mod.vhd sub00/vhpl02 1427463409
AR cmp behavioral C:/Users/hp/Documents/eda/FPA/CMP1.vhd sub00/vhpl05 1427463404
EN cmp NULL C:/Users/hp/Documents/eda/FPA/CMP1.vhd sub00/vhpl04 1427463403
EN datapath NULL C:/Users/hp/Documents/eda/FPA/datapath.vhd sub00/vhpl08 1427463411
AR cmp8 behavioral C:/Users/hp/Documents/eda/FPA/CMP8.vhd sub00/vhpl07 1427463406
EN cmp8 NULL C:/Users/hp/Documents/eda/FPA/CMP8.vhd sub00/vhpl06 1427463405
EN normalization NULL C:/Users/hp/Documents/eda/FPA/normalization.vhd sub00/vhpl00 1427463407
AR normalization behavioral C:/Users/hp/Documents/eda/FPA/normalization.vhd sub00/vhpl01 1427463408
AR datapath behavioral C:/Users/hp/Documents/eda/FPA/datapath.vhd sub00/vhpl09 1427463412
AR sec behavioral C:/Users/hp/Documents/eda/FPA/mod.vhd sub00/vhpl03 1427463410
