EN adder NULL C:/Users/hp/Documents/eda/FPMdp_imp/adder.vhd sub00/vhpl02 1427797521
AR mult behavioral C:/Users/hp/Documents/eda/FPMdp_imp/mult.vhd sub00/vhpl10 1427797520
EN norm NULL C:/Users/hp/Documents/eda/FPMdp_imp/NORM.vhd sub00/vhpl04 1427797523
AR topcontrol behavioral C:/Users/hp/Documents/eda/FPMdp_imp/cntrl.vhd sub00/vhpl07 1427797526
EN mult NULL C:/Users/hp/Documents/eda/FPMdp_imp/mult.vhd sub00/vhpl09 1427797519
AR norm behavioral C:/Users/hp/Documents/eda/FPMdp_imp/NORM.vhd sub00/vhpl05 1427797524
AR topdatapath behavioral C:/Users/hp/Documents/eda/FPMdp_imp/data.vhd sub00/vhpl11 1427797528
EN topcontrol NULL C:/Users/hp/Documents/eda/FPMdp_imp/cntrl.vhd sub00/vhpl06 1427797525
EN top NULL C:/Users/hp/Documents/eda/FPMdp_imp/top.vhd sub00/vhpl12 1427797529
AR adder behavioral C:/Users/hp/Documents/eda/FPMdp_imp/adder.vhd sub00/vhpl03 1427797522
AR fulladder2 behavioral C:/Users/hp/Documents/eda/FPMdp_imp/FA.vhd sub00/vhpl01 1427797518
EN topdatapath NULL C:/Users/hp/Documents/eda/FPMdp_imp/data.vhd sub00/vhpl08 1427797527
EN fulladder2 NULL C:/Users/hp/Documents/eda/FPMdp_imp/FA.vhd sub00/vhpl00 1427797517
AR top behavioral C:/Users/hp/Documents/eda/FPMdp_imp/top.vhd sub00/vhpl13 1427797530
