EN sec NULL "C:/Documents and Settings/Administrator/Desktop/134143 projectfiles/chipfpm/fpdsp1chip/sec.vhd" sub00/vhpl04 1428145289
AR sec behavioral "C:/Documents and Settings/Administrator/Desktop/134143 projectfiles/chipfpm/fpdsp1chip/sec.vhd" sub00/vhpl05 1428145290
AR datapath behavioral "C:/Documents and Settings/Administrator/Desktop/134143 projectfiles/chipfpm/fpdsp1chip/datapath.vhd" sub00/vhpl07 1428145292
EN datapath NULL "C:/Documents and Settings/Administrator/Desktop/134143 projectfiles/chipfpm/fpdsp1chip/datapath.vhd" sub00/vhpl06 1428145291
EN div NULL "C:/Documents and Settings/Administrator/Desktop/134143 projectfiles/chipfpm/fpdsp1chip/div.vhd" sub00/vhpl00 1428145285
EN anly NULL "C:/Documents and Settings/Administrator/Desktop/134143 projectfiles/chipfpm/fpdsp1chip/anly.vhd" sub00/vhpl02 1428145287
AR div behavioral "C:/Documents and Settings/Administrator/Desktop/134143 projectfiles/chipfpm/fpdsp1chip/div.vhd" sub00/vhpl01 1428145286
AR anly behavioral "C:/Documents and Settings/Administrator/Desktop/134143 projectfiles/chipfpm/fpdsp1chip/anly.vhd" sub00/vhpl03 1428145288
