V3 15
FL "C:/Documents and Settings/Administrator/Desktop/134143 projectfiles/chipfpm/fpdsp1chip/anly.vhd" 2015/04/04.16:30:40 K.31
EN work/anly 1428145287 \
      FL "C:/Documents and Settings/Administrator/Desktop/134143 projectfiles/chipfpm/fpdsp1chip/anly.vhd" \
      PB ieee/std_logic_1164 1200023565 PB ieee/std_logic_arith 1200023566 \
      PB ieee/STD_LOGIC_UNSIGNED 1200023567
AR work/anly/Behavioral 1428145288 \
      FL "C:/Documents and Settings/Administrator/Desktop/134143 projectfiles/chipfpm/fpdsp1chip/anly.vhd" \
      EN work/anly 1428145287
FL "C:/Documents and Settings/Administrator/Desktop/134143 projectfiles/chipfpm/fpdsp1chip/datapath.vhd" 2015/04/04.16:29:56 K.31
EN work/Datapath 1428145291 \
      FL "C:/Documents and Settings/Administrator/Desktop/134143 projectfiles/chipfpm/fpdsp1chip/datapath.vhd" \
      PB ieee/std_logic_1164 1200023565 PB ieee/std_logic_arith 1200023566 \
      PB ieee/STD_LOGIC_UNSIGNED 1200023567
AR work/Datapath/Behavioral 1428145292 \
      FL "C:/Documents and Settings/Administrator/Desktop/134143 projectfiles/chipfpm/fpdsp1chip/datapath.vhd" \
      EN work/Datapath 1428145291 CP div CP anly CP sec
FL "C:/Documents and Settings/Administrator/Desktop/134143 projectfiles/chipfpm/fpdsp1chip/div.vhd" 2015/04/04.16:31:00 K.31
EN work/div 1428145285 \
      FL "C:/Documents and Settings/Administrator/Desktop/134143 projectfiles/chipfpm/fpdsp1chip/div.vhd" \
      PB ieee/std_logic_1164 1200023565 PB ieee/std_logic_arith 1200023566 \
      PB ieee/STD_LOGIC_UNSIGNED 1200023567
AR work/div/Behavioral 1428145286 \
      FL "C:/Documents and Settings/Administrator/Desktop/134143 projectfiles/chipfpm/fpdsp1chip/div.vhd" \
      EN work/div 1428145285
FL "C:/Documents and Settings/Administrator/Desktop/134143 projectfiles/chipfpm/fpdsp1chip/sec.vhd" 2015/04/04.16:31:14 K.31
EN work/sec 1428145289 \
      FL "C:/Documents and Settings/Administrator/Desktop/134143 projectfiles/chipfpm/fpdsp1chip/sec.vhd" \
      PB ieee/std_logic_1164 1200023565 PB ieee/std_logic_arith 1200023566 \
      PB ieee/STD_LOGIC_UNSIGNED 1200023567 PH ieee/NUMERIC_STD 1200023568
AR work/sec/Behavioral 1428145290 \
      FL "C:/Documents and Settings/Administrator/Desktop/134143 projectfiles/chipfpm/fpdsp1chip/sec.vhd" \
      EN work/sec 1428145289
