EN adder NULL C:/Users/hp/Documents/eda/FPMDP/adder.vhd sub00/vhpl18 1427799396
AR counter behavioral C:/Users/hp/Documents/eda/FPMDP/cnt.vhd sub00/vhpl09 1427799387
EN norm NULL C:/Users/hp/Documents/eda/FPMDP/Norm.vhd sub00/vhpl20 1427799398
AR topcontrol behavioral C:/Users/hp/Documents/eda/FPMDP/TOPCONTROLLER.vhd sub00/vhpl23 1427799401
EN ebsaddmul NULL C:/Users/hp/Documents/eda/FPMDP/ebsaddmul.vhd sub00/vhpl16 1427799394
AR norm behavioral C:/Users/hp/Documents/eda/FPMDP/Norm.vhd sub00/vhpl21 1427799399
AR datapath structural C:/Users/hp/Documents/eda/FPMDP/datapath.vhd sub00/vhpl15 1427799393
EN datapath NULL C:/Users/hp/Documents/eda/FPMDP/datapath.vhd sub00/vhpl14 1427799392
AR topdatapath behavioral C:/Users/hp/Documents/eda/FPMDP/TOPDATAPATH.vhd sub00/vhpl25 1427799403
EN multiplicand NULL C:/Users/hp/Documents/eda/FPMDP/mulp.vhd sub00/vhpl06 1427799384
EN multiplier NULL C:/Users/hp/Documents/eda/FPMDP/mull.vhd sub00/vhpl04 1427799382
EN topcontrol NULL C:/Users/hp/Documents/eda/FPMDP/TOPCONTROLLER.vhd sub00/vhpl22 1427799400
EN top NULL C:/Users/hp/Documents/eda/FPMDP/TOP.vhd sub00/vhpl26 1427799404
AR ebsaddmul behavioral C:/Users/hp/Documents/eda/FPMDP/ebsaddmul.vhd sub00/vhpl17 1427799395
EN counter NULL C:/Users/hp/Documents/eda/FPMDP/cnt.vhd sub00/vhpl08 1427799386
AR multiplier behavioral C:/Users/hp/Documents/eda/FPMDP/mull.vhd sub00/vhpl05 1427799383
AR product behavioral C:/Users/hp/Documents/eda/FPMDP/pro.vhd sub00/vhpl03 1427799381
EN controllerbeh NULL C:/Users/hp/Documents/eda/FPMDP/controllerbeh.vhd sub00/vhpl12 1427799390
EN add8 NULL C:/Users/hp/Documents/eda/FPMDP/addermul.vhd sub00/vhpl10 1427799388
EN product NULL C:/Users/hp/Documents/eda/FPMDP/pro.vhd sub00/vhpl02 1427799380
AR adder behavioral C:/Users/hp/Documents/eda/FPMDP/adder.vhd sub00/vhpl19 1427799397
AR fulladder2 behavioral C:/Users/hp/Documents/eda/FPMDP/fulladder.vhd sub00/vhpl01 1427799379
AR add8 behavioral C:/Users/hp/Documents/eda/FPMDP/addermul.vhd sub00/vhpl11 1427799389
AR controllerbeh behavioral C:/Users/hp/Documents/eda/FPMDP/controllerbeh.vhd sub00/vhpl13 1427799391
EN topdatapath NULL C:/Users/hp/Documents/eda/FPMDP/TOPDATAPATH.vhd sub00/vhpl24 1427799402
EN fulladder2 NULL C:/Users/hp/Documents/eda/FPMDP/fulladder.vhd sub00/vhpl00 1427799378
AR top behavioral C:/Users/hp/Documents/eda/FPMDP/TOP.vhd sub00/vhpl27 1427799405
AR multiplicand behavioral C:/Users/hp/Documents/eda/FPMDP/mulp.vhd sub00/vhpl07 1427799385
