EN sec NULL C:/Users/hp/Documents/eda/FPD/sec.vhd sub00/vhpl04 1427792340
AR div behavioral C:/Users/hp/Documents/eda/FPD/div.vhd sub00/vhpl01 1427792337
EN datapath NULL C:/Users/hp/Documents/eda/FPD/datapath.vhd sub00/vhpl06 1427792342
EN div NULL C:/Users/hp/Documents/eda/FPD/div.vhd sub00/vhpl00 1427792336
AR anly behavioral C:/Users/hp/Documents/eda/FPD/anly.vhd sub00/vhpl03 1427792339
EN anly NULL C:/Users/hp/Documents/eda/FPD/anly.vhd sub00/vhpl02 1427792338
AR datapath behavioral C:/Users/hp/Documents/eda/FPD/datapath.vhd sub00/vhpl07 1427792343
AR sec behavioral C:/Users/hp/Documents/eda/FPD/sec.vhd sub00/vhpl05 1427792341
