EN sec NULL C:/Users/hp/Documents/eda/FPDP/sec.vhd sub00/vhpl04 1427793106
AR div behavioral C:/Users/hp/Documents/eda/FPDP/div.vhd sub00/vhpl01 1427793103
EN datapath NULL C:/Users/hp/Documents/eda/FPDP/Main.vhd sub00/vhpl06 1427793108
EN div NULL C:/Users/hp/Documents/eda/FPDP/div.vhd sub00/vhpl00 1427793102
AR anly behavioral C:/Users/hp/Documents/eda/FPDP/anly.vhd sub00/vhpl03 1427793105
EN anly NULL C:/Users/hp/Documents/eda/FPDP/anly.vhd sub00/vhpl02 1427793104
AR datapath behavioral C:/Users/hp/Documents/eda/FPDP/Main.vhd sub00/vhpl07 1427793109
AR sec behavioral C:/Users/hp/Documents/eda/FPDP/sec.vhd sub00/vhpl05 1427793107
